
============================================================
เธ—เธ”เธชเธญเธ: C:\Users\patchara\.gemini\antigravity\brain\a20e026e-279c-4477-88b7-c230d8079612\uploaded_media_1769930543632.jpg
เนเธกเน€เธ”เธฅ: backend/yolov8s-license-plate.pt
============================================================

๐“ เธเธเธฒเธ”เธ เธฒเธ: 911x1024 pixels

๐” เธเธณเธฅเธฑเธเนเธซเธฅเธ”เนเธกเน€เธ”เธฅ...
โ… เนเธซเธฅเธ”เนเธกเน€เธ”เธฅเธชเธณเน€เธฃเนเธ

--- Confidence threshold: 0.1 ---
โ… เธเธ 17 เธเนเธฒเธขเธ—เธฐเน€เธเธตเธขเธ:
   [1] conf=0.957 | pos=(610,766) | size=272x243 | aspect=1.12 | y_frac=0.87
   [2] conf=0.758 | pos=(7,713) | size=439x299 | aspect=1.47 | y_frac=0.84
   [3] conf=0.605 | pos=(55,880) | size=82x22 | aspect=3.74 | y_frac=0.87
   [4] conf=0.389 | pos=(8,599) | size=474x404 | aspect=1.17 | y_frac=0.78
   [5] conf=0.274 | pos=(707,896) | size=76x17 | aspect=4.35 | y_frac=0.88
   [6] conf=0.265 | pos=(458,103) | size=125x255 | aspect=0.49 | y_frac=0.23
   [7] conf=0.229 | pos=(28,2) | size=455x339 | aspect=1.34 | y_frac=0.17
   [8] conf=0.223 | pos=(664,78) | size=133x161 | aspect=0.83 | y_frac=0.16
   [9] conf=0.218 | pos=(245,665) | size=69x17 | aspect=4.06 | y_frac=0.66
   [10] conf=0.202 | pos=(646,180) | size=178x547 | aspect=0.33 | y_frac=0.44
   [11] conf=0.172 | pos=(54,872) | size=82x31 | aspect=2.67 | y_frac=0.87
   [12] conf=0.163 | pos=(472,44) | size=121x269 | aspect=0.45 | y_frac=0.18
   [13] conf=0.159 | pos=(461,27) | size=131x527 | aspect=0.25 | y_frac=0.28
   [14] conf=0.144 | pos=(722,689) | size=54x13 | aspect=4.14 | y_frac=0.68
   [15] conf=0.141 | pos=(661,78) | size=136x277 | aspect=0.49 | y_frac=0.21
   [16] conf=0.139 | pos=(498,16) | size=96x381 | aspect=0.25 | y_frac=0.20
   [17] conf=0.112 | pos=(498,66) | size=97x415 | aspect=0.24 | y_frac=0.27

--- Confidence threshold: 0.2 ---
โ… เธเธ 10 เธเนเธฒเธขเธ—เธฐเน€เธเธตเธขเธ:
   [1] conf=0.957 | pos=(610,766) | size=272x243 | aspect=1.12 | y_frac=0.87
   [2] conf=0.758 | pos=(7,713) | size=439x299 | aspect=1.47 | y_frac=0.84
   [3] conf=0.605 | pos=(55,880) | size=82x22 | aspect=3.74 | y_frac=0.87
   [4] conf=0.389 | pos=(8,599) | size=474x404 | aspect=1.17 | y_frac=0.78
   [5] conf=0.274 | pos=(707,896) | size=76x17 | aspect=4.35 | y_frac=0.88
   [6] conf=0.265 | pos=(458,103) | size=125x255 | aspect=0.49 | y_frac=0.23
   [7] conf=0.229 | pos=(28,2) | size=455x339 | aspect=1.34 | y_frac=0.17
   [8] conf=0.223 | pos=(664,78) | size=133x161 | aspect=0.83 | y_frac=0.16
   [9] conf=0.218 | pos=(245,665) | size=69x17 | aspect=4.06 | y_frac=0.66
   [10] conf=0.202 | pos=(646,180) | size=178x547 | aspect=0.33 | y_frac=0.44

--- Confidence threshold: 0.3 ---
โ… เธเธ 4 เธเนเธฒเธขเธ—เธฐเน€เธเธตเธขเธ:
   [1] conf=0.957 | pos=(610,766) | size=272x243 | aspect=1.12 | y_frac=0.87
   [2] conf=0.758 | pos=(7,713) | size=439x299 | aspect=1.47 | y_frac=0.84
   [3] conf=0.605 | pos=(55,880) | size=82x22 | aspect=3.74 | y_frac=0.87
   [4] conf=0.389 | pos=(8,599) | size=474x404 | aspect=1.17 | y_frac=0.78

--- Confidence threshold: 0.5 ---
โ… เธเธ 3 เธเนเธฒเธขเธ—เธฐเน€เธเธตเธขเธ:
   [1] conf=0.957 | pos=(610,766) | size=272x243 | aspect=1.12 | y_frac=0.87
   [2] conf=0.758 | pos=(7,713) | size=439x299 | aspect=1.47 | y_frac=0.84
   [3] conf=0.605 | pos=(55,880) | size=82x22 | aspect=3.74 | y_frac=0.87

============================================================
เธเธฒเธฃเธ—เธ”เธชเธญเธเน€เธชเธฃเนเธเธชเธดเนเธ
============================================================

